{"epoch": 1, "ner_loss": 0.8983930340078702, "relation_loss": 0.04546662770358658, "val_ner_f1": 0.9973653395784543, "val_relation_macro_f1": 1.0}
{"epoch": 2, "ner_loss": 0.006911929788042766, "relation_loss": 6.136356285686168e-05, "val_ner_f1": 0.9979508196721312, "val_relation_macro_f1": 1.0}
{"epoch": 3, "ner_loss": 0.0024833311679893296, "relation_loss": 2.6481584925975812e-05, "val_ner_f1": 0.9988290398126464, "val_relation_macro_f1": 1.0}
{
  "ner": {
    "precision": 0.9997094712376525,
    "recall": 0.9997094712376525,
    "f1": 0.9997094712376525,
    "true_positive": 6882,
    "predicted": 6884,
    "gold": 6884
  },
  "relation": {
    "accuracy": 1.0,
    "macro_f1": 1.0,
    "per_class": {
      "NO_RELATION": {
        "precision": 1.0,
        "recall": 1.0,
        "f1": 1.0
      },
      "BELONGS_TO": {
        "precision": 1.0,
        "recall": 1.0,
        "f1": 1.0
      },
      "DISPOSE_WITH": {
        "precision": 1.0,
        "recall": 1.0,
        "f1": 1.0
      }
    },
    "confusion_matrix": [
      [
        1701,
        0,
        0
      ],
      [
        0,
        1701,
        0
      ],
      [
        0,
        0,
        40
      ]
    ],
    "label_order": [
      "NO_RELATION",
      "BELONGS_TO",
      "DISPOSE_WITH"
    ],
    "evaluation": "gold entity spans; not end-to-end triple score"
  },
  "errors": [
    {
      "text": "不锈钢盆的投放要求是清空内容物后投放。",
      "gold_entities": [
        [
          0,
          4,
          "ITEM"
        ],
        [
          10,
          18,
          "METHOD"
        ]
      ],
      "predicted_entities": [
        [
          1,
          4,
          "ITEM"
        ],
        [
          10,
          18,
          "METHOD"
        ]
      ],
      "gold_relation": "DISPOSE_WITH",
      "predicted_relation": "DISPOSE_WITH"
    },
    {
      "text": "投放不锈钢盆时，需要清空内容物后投放。",
      "gold_entities": [
        [
          2,
          6,
          "ITEM"
        ],
        [
          10,
          18,
          "METHOD"
        ]
      ],
      "predicted_entities": [
        [
          3,
          6,
          "ITEM"
        ],
        [
          10,
          18,
          "METHOD"
        ]
      ],
      "gold_relation": "DISPOSE_WITH",
      "predicted_relation": "DISPOSE_WITH"
    }
  ],
  "best_epoch": 3,
  "epochs": 3,
  "seed": 42,
  "seconds": 105.25555310000027,
  "tensorflow": "2.20.0",
  "python": "3.11.9",
  "dataset": {
    "train": 15938,
    "val": 3416,
    "test": 3442
  },
  "limitation": "模板生成语料，按物品隔离；只验证教学流程，不代表自然网页泛化性能。",
  "data_provenance": {
    "directory": "processed_external",
    "manifest": {
      "seed": 42,
      "scope": "external labels plus teaching seeds; weak template benchmark, not natural text",
      "split_policy": "category-stratified, canonical item-disjoint; shared templates across splits",
      "skipped_long_sentences": 0,
      "catalog_items": 3755,
      "splits": {
        "train": {
          "sentences": 15938,
          "items": [
            "1号电池(无汞)",
            "3.5英寸软盘",
            "502胶水",
            "7号电池(无汞)",
            "84消毒液瓶",
            "A4纸",
            "CD",
            "CPU",
            "DVD",
            "IPHONE手机",
            "KFC纸盒",
            "KFC纸袋",
            "KINDLE壳",
            "N次贴",
            "PET瓶",
            "PIZZA盒",
            "PVC瓶",
            "USB线",
            "U型回形针",
            "U盘",
            "X光片",
            "cpu",
            "iPhone",
            "ipad",
            "iphone x",
            "kindle",
            "kt板",
            "xbox",
            "x光片",
            "x光胶片",
            "一块墙皮",
            "一次性便当盒",
            "一次性保鲜膜",
            "一次性内裤",
            "一次性剃须刀片",
            "一次性口罩",
            "一次性咖啡纸杯",
            "一次性塑料勺子",
            "一次性塑料手套",
            "一次性塑料浴帽",
            "一次性塑料盘",
            "一次性塑料袋",
            "一次性塑料鞋套",
            "一次性尿布",
            "一次性手套",
            "一次性打火机",
            "一次性杯子",
            "一次性注射器",
            "一次性洗脸巾",
            "一次性用品",
            "一次性电子烟",
            "一次性碗",
            "一次性纸杯",
            "一次性莱盒",
            "一次性餐具",
            "一次性餐具包装",
            "一次性餐盒",
            "丁字裤",
            "三七粉",
            "三文鱼",
            "三明治",
            "三明治包装",
            "三杯鸡",
            "三极管",
            "三角裤",
            "上衣",
            "下水道杂物",
            "不干胶纸",
            "不粘锅",
            "不锈钢",
            "不锈钢刀",
            "不锈钢勺子",
            "不锈钢垃圾桶",
            "不锈钢杯子",
            "丙烯",
            "丙烯颜料",
            "丝带",
            "丝瓜",
            "丝瓜皮",
            "丝瓜筋",
            "丝绸",
            "丝绸制品",
            "丝袜",
            "个人计算机",
            "中性笔",
            "中成药",
            "中草药材",
            "中药渣",
            "中药药渣",
            "中药袋",
            "中药面膜",
            "串串竹签",
            "主机板",
            "主板",
            "乌梅壳",
            "乐事薯片",
            "乐事薯片盒",
            "乐扣塑料盒",
            "乐扣玻璃盒",
            "乐高",
            "乐高玩具",
            "乒乓板",
            "乒乓球",
            "乒乓球拍",
            "乒乓糯米糍",
            "书",
            "书包",
            "书本",
            "书法纸",
            "书籍",
            "买菜的包装袋",
            "乳垫",
            "乳液罐",
            "乳胶",
            "二手手机",
            "五金材料",
            "五香蛋",
            "亚克力",
            "亚克力胶水",
            "人造奶油",
            "人造纤维",
            "仙人掌",
            "仙人球",
            "会员卡",
            "伞",
            "传单",
            "传真纸",
            "伤筋膏药",
            "伤筋药膏包装",
            "低温牛奶盒子",
            "佐料瓶",
            "体温计",
            "作文书",
            "使用的餐巾纸",
            "使用过的安全套",
            "使用过的猫砂",
            "使用过的面膜",
            "便利贴",
            "便条贴",
            "便签",
            "便签纸",
            "便纸",
            "保健品瓶子",
            "保暖瓶",
            "保温棉",
            "保温瓶",
            "保湿喷雾",
            "保险套",
            "保险箱",
            "保鲜膜",
            "保鲜膜带齿盒",
            "保鲜袋",
            "保龄球",
            "信封",
            "信封带",
            "修正带内芯",
            "修正液",
            "修眉刀",
            "假睫毛",
            "健身器材",
            "储奶袋",
            "儿童尿不湿",
            "儿童玩具",
            "儿童电动玩具",
            "充气娃",
            "充电宝",
            "充电热水袋",
            "充电牙刷",
            "充电线",
            "光盘",
            "光碟",
            "光碟包",
            "光驱",
            "兔头",
            "兔子粪便",
            "兔肉",
            "入厕用纸",
            "八宝粥",
            "八宝饭",
            "公丁香",
            "公文包",
            "关东煮纸杯",
            "关东煮隔热杯套",
            "其他金属制品",
            "养乐多盖",
            "养生壶",
            "养身壶",
            "内存卡",
            "内存条",
            "内脏",
            "内衣包装袋",
            "内裤",
            "再生纸",
            "写字纸",
            "写过的草稿纸",
            "农药片",
            "农药瓶",
            "冬枣",
            "冬枣核",
            "冬瓜",
            "冬瓜皮",
            "冬瓜籽",
            "冰宝贴",
            "冰柜",
            "冰棒外包装",
            "冰棒棍",
            "冰淇淋",
            "冰淇淋纸",
            "冰激凌",
            "冰激凌木棒",
            "冰激淋",
            "冰箱",
            "冰糖",
            "冰红茶利乐包装",
            "冰袋",
            "冰贴",
            "冲泡饮料",
            "冷冻食品",
            "冷饮",
            "冷饮包装",
            "冷饮包装纸",
            "冷饮棒",
            "冷饮袋",
            "冻干粉",
            "冻干粉面膜",
            "净化器滤芯",
            "净水滤芯",
            "凉鞋",
            "减震泡泡膜",
            "凤梨皮",
            "凤梨酥",
            "刀",
            "刀片",
            "刘海夹",
            "创口贴",
            "创可贴",
            "别针",
            "刮胡子刀片",
            "剃须刀",
            "剃须刀片",
            "剃须泡沫罐",
            "剩莱",
            "剩菜",
            "剩菜剩饭",
            "剪刀",
            "剪子",
            "剪纸",
            "办公桌",
            "办公用纸",
            "加工类食品",
            "加湿器",
            "动物内脏",
            "动物粪便",
            "勺子",
            "包书纸",
            "包装干燥剂",
            "包装用纸",
            "包装盒",
            "包装纸",
            "包装薄膜",
            "包裹着口香糖的纸巾",
            "包裹着狗屎的塑料袋",
            "包裹着狗屎的报纸",
            "包裹着狗屎的纸巾",
            "包裹着猫屎的塑料袋",
            "包裹着西瓜籽的纸巾",
            "包裹着鼻屎的纸巾",
            "包裹着鼻涕的纸巾",
            "化妆品密封塑料膜",
            "化妆品瓶",
            "化妆品瓶盖",
            "化妆水瓶",
            "化妆镜",
            "化学剂桶",
            "化学试剂包装玻璃瓶",
            "化纤衣物",
            "北京烤鸭",
            "医用冰袋",
            "医用手套",
            "医用棉签",
            "医用纱布",
            "午餐肉罐",
            "午餐肉罐头",
            "午饭",
            "南瓜",
            "南瓜子壳",
            "南瓜皮",
            "南瓜籽",
            "卡",
            "卤料包",
            "卤素灯",
            "卤素灯泡",
            "卫生卷纸",
            "卫生巾",
            "卫生巾包装袋",
            "卫生巾外包装",
            "卫生巾外层薄塑纸",
            "卫生棉条",
            "卫生棒",
            "卫生纸",
            "卫生纸内芯",
            "卫生间废纸",
            "卫衣",
            "印泥",
            "卷笔刀",
            "卷筒纸",
            "卷筒纸内芯",
            "卷筒纸外包装",
            "卷筒纸芯",
            "卷纸内芯",
            "卷纸芯",
            "卸妆乳瓶",
            "卸妆巾",
            "卸妆棉",
            "卸妆油瓶",
            "卸妆膏",
            "卸甲水",
            "卸甲油",
            "卸甲膜",
            "压力罐",
            "压力锅",
            "压缩瓶",
            "厕所手纸",
            "厕所纸",
            "厕纸",
            "厚型塑料袋",
            "厚塑料袋",
            "厚纸板",
            "原味鸡",
            "原子笔",
            "原珠笔",
            "厨余",
            "厨余果皮",
            "厨房用纸",
            "厨房纸",
            "厨房纸巾",
            "去黑头鼻贴",
            "叉子",
            "叉烧",
            "双眼皮贴",
            "双面胶带",
            "发卡",
            "发圈",
            "发夹",
            "发带",
            "发热包",
            "发票",
            "发蜡",
            "发霉食物",
            "受潮的纸张",
            "变形金刚",
            "变质的食物",
            "变质食品",
            "口红盒",
            "口罩",
            "古筝",
            "可乐瓶",
            "可乐罐",
            "可回收",
            "可降解吸管",
            "可降解塑料",
            "可降解塑料袋",
            "台历",
            "台布",
            "叶",
            "叶子",
            "吃剩下的牡蛎壳",
            "吃剩下的葡萄杆",
            "吃剩的快餐",
            "吃过的奇趣蛋",
            "吃过的棒棒糖",
            "吃过的甘蔗",
            "各式皮包",
            "各类过期食品",
            "合金玩具",
            "合金筷子",
            "吉他",
            "名片",
            "名画",
            "向日葵花束",
            "含汞温度计",
            "含油抹布",
            "吸油面纸",
            "吸管",
            "吸管塑料包装",
            "吸铁石",
            "吸门器",
            "吸顶灯",
            "呕吐包",
            "呕吐物",
            "呕吐物纸巾",
            "味全果汁瓶",
            "味精",
            "呼叫器",
            "咖啡",
            "咖啡伴侣粉",
            "咖啡包",
            "咖啡杯套",
            "咖啡残渣",
            "咖啡渣",
            "咖啡粉",
            "咖啡纸杯(内表面附塑料膜)",
            "咖啡胶囊",
            "咖啡豆",
            "咖啡隔热纸",
            "咖喱粉",
            "咬过的口香糖",
            "咳嗽糖浆",
            "咳嗽药水瓶",
            "咸菜",
            "咸蛋",
            "咸蛋黄",
            "咸鱼",
            "咸鸡",
            "咸鸭蛋壳",
            "哈密瓜",
            "哈密瓜籽",
            "哑铃",
            "唇膏",
            "唇釉",
            "唱片",
            "啤酒瓶",
            "啤酒瓶盖",
            "啤酒盖",
            "喜茶杯",
            "喝过的奶茶杯子",
            "喝过的茶叶",
            "喝过的茶叶渣",
            "喷火枪",
            "喷蟑螂瓶",
            "回形针",
            "园艺土",
            "固体胶",
            "图画",
            "图章",
            "图钉",
            "圆珠笔",
            "圆珠笔芯",
            "圆规",
            "土豆泥",
            "土豆皮",
            "圣女果",
            "地图",
            "地毯",
            "地铁票",
            "坏了的碗",
            "坏发卡",
            "坚果",
            "坚果壳",
            "坛子",
            "垃圾桶",
            "垃圾箱",
            "垃圾袋",
            "垫子",
            "基围虾",
            "基围虾壳",
            "塑复钢管",
            "塑料",
            "塑料假花",
            "塑料包装",
            "塑料包装纸盒",
            "塑料叉子",
            "塑料吸管",
            "塑料咖啡杯",
            "塑料壳",
            "塑料夹子",
            "塑料带",
            "塑料打包盒",
            "塑料托盘",
            "塑料拖把杆",
            "塑料拖鞋",
            "塑料挂钩",
            "塑料收纳盒",
            "塑料文件袋",
            "塑料日用品",
            "塑料晾衣杆",
            "塑料架",
            "塑料标签",
            "塑料桶",
            "塑料水果筐",
            "塑料水管",
            "塑料油壶",
            "塑料牙签",
            "塑料玩具",
            "塑料瓶瓶盖",
            "塑料瓶盖",
            "塑料盆",
            "塑料积木",
            "塑料笔杆",
            "塑料筐",
            "塑料管道",
            "塑料篮筐",
            "塑料糖纸",
            "塑料纽扣",
            "塑料花",
            "塑料衣架",
            "塑料表带",
            "塑料袋",
            "塑料调色盘",
            "塑料餐具",
            "塑料饮料杯",
            "塑胶菜蓝子",
            "墙刷",
            "墙灰",
            "墨盒",
            "墨粉",
            "墨胆",
            "墨襄",
            "壁纸",
            "复写纸",
            "复印机",
            "复印纸",
            "夏威夷果",
            "夏威夷果壳",
            "夏威夷果的壳",
            "外卖塑料盒",
            "外卖塑料袋",
            "外卖盒",
            "外卖盒子",
            "外卖纸盒",
            "外卖餐具",
            "外卖饭盒",
            "外套",
            "外敷伤药",
            "多宝鱼骨头",
            "大哥大",
            "大块骨头",
            "大头针",
            "大白兔奶糖",
            "大白菜",
            "大米",
            "大米袋",
            "大蒜",
            "大蒜叶",
            "大蒜皮",
            "大衣",
            "大豆",
            "大闸蟹",
            "大闸蟹壳",
            "大饼",
            "大骨",
            "大骨(如:猪腿骨)",
            "大龙虾",
            "大龙虾壳",
            "太空望远镜",
            "太空沙",
            "太阳帽",
            "太阳眼镜",
            "太阳能热水器",
            "太阳镜",
            "头屑",
            "头皮屑",
            "头盔",
            "头绳",
            "头饰",
            "夹克",
            "奇异果",
            "奥特曼卡片",
            "奥特曼玩具",
            "女性卫生用品",
            "女生内衣",
            "奶嘴",
            "奶粉",
            "奶粉勺子",
            "奶粉桶",
            "奶粉盖",
            "奶粉罐",
            "奶粉罐铝盖",
            "奶罩",
            "奶茶塑料杯",
            "奶茶杯",
            "奶茶盖",
            "奶茶纸杯",
            "姜",
            "姜糖",
            "姨妈巾",
            "婚戒",
            "婴儿尿布",
            "婴儿纸尿裤",
            "婴幼儿尿布",
            "孜然粉",
            "安全套",
            "安全套包装袋",
            "安全帽",
            "宝特瓶",
            "宠物毛",
            "宠物粪便",
            "宠物饲料包装袋",
            "宣传册",
            "宣传单",
            "宣传页",
            "宣纸",
            "家养绿植",
            "家庭盆栽树叶",
            "家庭绿化",
            "家庭花卉",
            "家电",
            "家电家具",
            "家禽内脏",
            "宽粉条",
            "寄居蟹",
            "密封袋",
            "密胺碗",
            "导线",
            "小修正带",
            "小刀",
            "小孩尿布",
            "小广告",
            "小排骨",
            "小提琴",
            "小木棍",
            "小核桃壳",
            "小核桃肉",
            "小票",
            "小笼包",
            "小米",
            "小纸屑",
            "小肉骨头",
            "小葱",
            "小骨",
            "小龙虾头",
            "小龙虾肉",
            "小龙虾黄",
            "少量泥土",
            "尘土",
            "尺",
            "尼龙丝袜",
            "尼龙绳",
            "尼龙袋",
            "尿不湿",
            "尿布",
            "尿片",
            "尿裤",
            "屏幕",
            "屠龙刀",
            "山东煎饼",
            "山楂片",
            "山竹",
            "山竹壳",
            "山竹核",
            "山芋",
            "山药",
            "工业胶水",
            "工资卡",
            "巧克力包装袋",
            "巧克力盒子",
            "巧克力粉",
            "巧克力袋子",
            "巧克力酱",
            "巴旦木",
            "巴旦木壳",
            "巴黎水玻璃瓶",
            "布",
            "布丁",
            "布偶",
            "布包",
            "布娃娃",
            "布料",
            "布玩偶",
            "布类",
            "布艺窗帘",
            "布鞋",
            "布鞋套",
            "帆布包",
            "帆布袋",
            "帆布鞋",
            "帝王蟹壳",
            "带有婴儿粪便的纸尿裤",
            "带油抹布",
            "常温牛奶盒",
            "常温牛奶盒子",
            "帽子",
            "幕布",
            "干冰袋",
            "干净无油食品包装袋",
            "干净饮料瓶",
            "干发帽",
            "干垃圾",
            "干拉圾",
            "干拌面",
            "干果",
            "干果仁",
            "干树叶",
            "干桂圆壳",
            "干燥剂",
            "干脆面",
            "干花",
            "干花生壳",
            "干草",
            "干草包装袋",
            "干货",
            "干面条",
            "干面粉",
            "平板玻璃",
            "平菇",
            "平角裤",
            "年糕",
            "广告单",
            "广告单页",
            "广告纸片",
            "床上用品",
            "床垫",
            "床罩",
            "废塑料",
            "废家电",
            "废弃地毯",
            "废弃布包",
            "废弃植物",
            "废弃电线",
            "废弃的纸张",
            "废弃药瓶",
            "废弃衣服",
            "废弃计算机",
            "废弃调味品",
            "废弃食品袋",
            "废弃食用油",
            "废报纸",
            "废旧吸铁石",
            "废旧小家电",
            "废旧电子产品",
            "废杀虫剂",
            "废橡胶",
            "废氧化汞电池",
            "废水银温度计",
            "废油漆",
            "废消毒剂",
            "废温度计",
            "废灭火器",
            "废电路板",
            "废直式日光灯管",
            "废相纸",
            "废矿物油",
            "废纸张",
            "废胶片",
            "废荧光灯管",
            "废药",
            "废血压计",
            "废衣服",
            "废踏垫",
            "废金属",
            "废钥匙",
            "废铁",
            "废铝",
            "废锁头",
            "废键盘",
            "废食用油瓶",
            "开关",
            "开塞露",
            "开心果壳",
            "弹簧",
            "录像带",
            "录放机",
            "录音机",
            "彩泥",
            "彩电",
            "彩票",
            "彩色玻璃",
            "彩色笔",
            "影印纸",
            "微波炉",
            "德克士炸鸡",
            "徽章",
            "必胜客纸盒",
            "快递单",
            "快递盒",
            "快递箱",
            "快递纸袋",
            "快递袋",
            "快递贴纸",
            "快速面盒",
            "急支糖浆",
            "情趣内衣",
            "意大利面",
            "感光片",
            "感光胶片",
            "感冒药",
            "成人尿布",
            "成人用品",
            "成分复杂的制品",
            "戒指",
            "扇贝",
            "扇贝壳",
            "手串",
            "手册",
            "手办",
            "手帕",
            "手抄报",
            "手指甲脚趾甲",
            "手擀面",
            "手机",
            "手机充电器",
            "手机充电宝",
            "手机屏",
            "手机支撑架",
            "手机电池",
            "手机膜",
            "手机链",
            "手环",
            "手电筒",
            "手表",
            "手链",
            "手镯",
            "扎带",
            "扑克牌",
            "打包盒",
            "打印出来的纸",
            "打印后的彩色照片",
            "打印机",
            "打印机色带",
            "打印纸",
            "打底裤",
            "打气筒",
            "扫地机",
            "扫地机器人",
            "扫帚",
            "扫把",
            "扫描仪",
            "抗光屏",
            "护发精油",
            "护发素瓶",
            "护垫",
            "护手霜",
            "护理垫",
            "护肤乳液瓶",
            "护肤品",
            "护肤品玻璃罐",
            "护肤品瓶",
            "护脸霜瓶",
            "报废车辆",
            "报纸",
            "披萨盒",
            "抹布",
            "抽纸",
            "抽纸塑料袋",
            "拉拉裤",
            "拉菲草",
            "拖把",
            "拖把桶",
            "拖线板",
            "拖鞋",
            "挂号纸",
            "挂耳咖啡",
            "挂钟",
            "指南针",
            "指甲",
            "指甲油瓶子",
            "指甲钳",
            "按摩棒",
            "捕蚊灯",
            "掉下来的牙齿",
            "排插",
            "接线板",
            "插头",
            "插座",
            "插排",
            "插线板",
            "搓澡巾",
            "搓衣板",
            "搪瓷",
            "搪瓷杯",
            "搽鼻涕纸",
            "摄像机",
            "摩丝",
            "摩丝罐",
            "擦屎纸",
            "擦手巾",
            "擦手纸",
            "擦拭过的餐巾纸",
            "擦眼泪的纸",
            "擦碗布",
            "擦鼻涕纸",
            "收据",
            "收纳箱",
            "收音机",
            "放大镜",
            "散粉",
            "数字音乐播放器",
            "敲碎的碗",
            "文件夹",
            "文件柜",
            "文件袋",
            "文竹",
            "文胸",
            "文蛤壳",
            "料酒瓶",
            "方便筷",
            "方便面",
            "方便面包装袋",
            "方便面叉子",
            "方便面桶",
            "方便面调味包",
            "方便面面条",
            "施工安全帽",
            "旅游时报",
            "旅行袋",
            "无纺布",
            "无纺布手提袋",
            "无线路由器",
            "无菌注射器包装",
            "日光灯",
            "日历",
            "日抛美瞳",
            "日报",
            "旧书包",
            "旧内衣",
            "旧口罩",
            "旧围巾",
            "旧塑料篮子",
            "旧外套",
            "旧夹子",
            "旧床单",
            "旧报刊",
            "旧报纸",
            "旧抹布",
            "旧拖把",
            "旧拖鞋",
            "旧棉絮",
            "旧棉被",
            "旧毛巾",
            "旧水槽",
            "旧浴缸",
            "旧照片",
            "旧牙刷",
            "旧玩偶",
            "旧瑜伽垫",
            "旧皮鞋",
            "旧相机",
            "旧窗帘",
            "旧纸袋",
            "旧衣服",
            "旧衣服属于",
            "旧衬衫",
            "旧裤子",
            "旧运动鞋",
            "旧镜子",
            "旧雨伞",
            "旧鞋",
            "旧鞋子",
            "旧音箱",
            "早点盒",
            "早餐奶包装袋",
            "明信片",
            "易拉罐拉环",
            "易拉罐盖",
            "星巴克咖啡杯",
            "星巴克纸袋",
            "显卡",
            "显示器",
            "显示屏幕",
            "普洱茶",
            "普通塑料袋",
            "智齿",
            "晾衣杆",
            "晾衣架",
            "暖壶胆",
            "暖宝宝",
            "暖宝宝帖",
            "暖宝宝贴",
            "暖水瓶",
            "暖瓶",
            "曲别针",
            "曲奇",
            "曲奇铁罐",
            "月饼",
            "有机玻璃",
            "有污渍的餐盒",
            "服装",
            "望远镜",
            "木制品",
            "木头",
            "木条",
            "木板",
            "木桶",
            "木梳",
            "木棍",
            "木棒",
            "木椅",
            "木炭",
            "木瓜",
            "木瓜籽",
            "木瓶塞",
            "木盒子",
            "木砧板",
            "木积木",
            "木筷",
            "木质拖把杆",
            "木质搅拌棒",
            "木质梳子",
            "木质玩具",
            "木质花架",
            "木铲板",
            "未使用的餐巾纸",
            "本子",
            "机械表",
            "机顶盒",
            "杀毒剂",
            "杀菌剂",
            "杀虫剂罐",
            "杀虫喷雾",
            "杂草",
            "李子核",
            "杏仁",
            "杏仁饼",
            "杏子核",
            "杏核",
            "杜蕾斯",
            "杨桃",
            "杨梅",
            "杨梅干",
            "杨梅核",
            "松子",
            "松子壳",
            "松木猫砂",
            "松节油",
            "板栗",
            "板栗壳",
            "板蓝根冲剂",
            "枇杷",
            "枕巾",
            "枕芯",
            "果冻",
            "果冻包装盒",
            "果冻壳",
            "果核",
            "果粒",
            "果肉",
            "枣",
            "枣子核",
            "枣核",
            "枯叶",
            "枯树叶",
            "枯萎花束",
            "枯萎花草",
            "枸杞",
            "染发剂",
            "染发剂壳",
            "染发剂罐",
            "染发手套",
            "柚子核",
            "柠檬皮",
            "标签",
            "标签卡",
            "树叶",
            "树叶是那种垃圾",
            "树根",
            "树皮",
            "树脂",
            "栗子",
            "栗子壳",
            "根茎蔬菜",
            "桂圆",
            "桂圆干",
            "桂圆核",
            "桂皮",
            "桂花糕",
            "桃仁",
            "桃子",
            "桃子核",
            "桃板",
            "桃核",
            "桌布",
            "桑叶",
            "桔",
            "桔普茶",
            "桔柑",
            "桔梗",
            "梨核",
            "梨皮",
            "棉",
            "棉布",
            "棉拖鞋",
            "棉柔巾",
            "棉棒",
            "棉球",
            "棉签",
            "棉签盒",
            "棉线",
            "棉绳",
            "棉花",
            "棉花棒",
            "棉花球",
            "棉花被",
            "棉袄",
            "棉袜",
            "棒冰包装袋",
            "棒骨",
            "棕叶",
            "棕子叶",
            "棕榈蜡",
            "椅子",
            "植物",
            "植物枝干",
            "植物硬壳",
            "椰壳",
            "椰奶盒",
            "椰子",
            "椰子壳",
            "椰汁瓶",
            "椰肉",
            "椰青壳",
            "榨果汁机",
            "榨汁机",
            "榨菜",
            "榨菜袋",
            "槟榔壳",
            "樟脑丸",
            "樱桃",
            "樱桃核",
            "樱花",
            "橄榄核",
            "橄榄球",
            "橘子",
            "橘子皮",
            "橙",
            "橙子",
            "橙子皮",
            "橙皮",
            "橡皮",
            "橡皮筋",
            "橡胶手套",
            "橡胶拖鞋",
            "止咳糖浆瓶",
            "步步高学习机",
            "死昆虫",
            "死老鼠",
            "死花",
            "残羹",
            "残花",
            "毛巾",
            "毛毯",
            "毛竹",
            "毛笔",
            "毛笔写过的纸",
            "毛线",
            "毛衣针",
            "毛豆壳",
            "毛豆结",
            "毛领子",
            "气垫BB霜",
            "气垫膜",
            "气泡垫",
            "气泡纸",
            "气泡缓冲材料",
            "气泡袋",
            "气球",
            "氢气球",
            "氢气球充气钢瓶",
            "氢气罐",
            "水产及其加工食品",
            "水彩",
            "水性漆",
            "水斗漏网",
            "水晶泥",
            "水晶猫砂",
            "水果包装袋",
            "水果干",
            "水果皮",
            "水果罐",
            "水果网套",
            "水果脆",
            "水果茎枝",
            "水果软核",
            "水槽过滤网",
            "水泥砖",
            "水煮肉片",
            "水笔",
            "水笔外壳",
            "水笔笔芯",
            "水笔芯",
            "水粉颜料",
            "水草",
            "水蜜桃肉",
            "水银",
            "水饺",
            "水饺包装袋",
            "水饺袋",
            "水龙头",
            "永生花",
            "汉堡",
            "汉堡包",
            "汗衫",
            "污损食品袋",
            "污染严重的纸",
            "污染严重的纸张",
            "污染严重的纸盒",
            "污染纸张",
            "污染较严重的纸",
            "污染较严重的纸张",
            "污水袋",
            "污渍纸巾",
            "汽车空气滤清器",
            "汽车雨刮器",
            "沐浴乳",
            "沐浴球",
            "沙拉袋",
            "沙拉酱",
            "没用过尿片",
            "没用过的尿不湿",
            "沥水架",
            "河虾",
            "河蚌壳",
            "河豚",
            "沸石猫砂",
            "油墩子",
            "油壶",
            "油条",
            "油条包装袋",
            "油桃核",
            "油桃肉",
            "油桶",
            "油污布",
            "油污湿巾纸",
            "油污纸",
            "油漆",
            "油漆桶",
            "油漆稀释剂",
            "油漆笔",
            "油画刷",
            "油画颜料",
            "油画颜料软管",
            "油脂",
            "沾有墨水的纸",
            "沾有油渍的食品包装袋",
            "泔脚",
            "泡沫",
            "泡沫盒子",
            "泡沫箱",
            "泡沫箱属于什么垃圾",
            "泡沫饭盒",
            "泡泡糖",
            "泡脚袋",
            "泡腾片",
            "泡面桶",
            "泡面调料包",
            "泥土",
            "泥巴",
            "泳帽",
            "泳衣",
            "洁厕液瓶",
            "洋山芋",
            "洋葱皮",
            "洋装",
            "洗净后的牛奶盒",
            "洗发水瓶",
            "洗发精",
            "洗发露瓶",
            "洗头膏",
            "洗手液瓶",
            "洗洁精瓶",
            "洗涤液包装袋",
            "洗涤液瓶",
            "洗碗布",
            "洗碗机",
            "洗脸仪",
            "洗脸巾",
            "洗衣机",
            "洗衣液包装袋",
            "洗衣液桶",
            "洗衣液瓶",
            "洗衣粉袋",
            "洗面奶瓶",
            "测血糖试纸",
            "测血糖针",
            "浴室防滑垫",
            "浴巾",
            "浴帘",
            "浴沙",
            "浴花",
            "浴霸灯",
            "浴霸灯泡",
            "海底捞锅底",
            "海报",
            "海星",
            "海洋球",
            "海绵",
            "海绵垫",
            "海绵粉扑",
            "海绵纸",
            "海胆",
            "海胆壳",
            "海苔",
            "海苔袋子",
            "海藻",
            "海螺",
            "海螺壳",
            "海鲜",
            "涂料桶",
            "消毒剂",
            "消毒剂瓶",
            "消毒药片",
            "消费卡",
            "润发乳",
            "润唇膏",
            "润滑油",
            "润肤乳",
            "润肤霜",
            "液体蚊香瓶",
            "液晶屏",
            "液晶电视",
            "深海鱼油",
            "清凉贴",
            "清扫渣土",
            "清洁剂瓶",
            "清洁抹布",
            "渣土",
            "温度计",
            "游戏币",
            "游戏机",
            "游泳眼镜",
            "游泳裤",
            "湿厕纸",
            "湿垃圾",
            "湿垃圾袋",
            "湿塑料袋",
            "湿巾",
            "湿巾纸",
            "湿报纸",
            "湿抹布",
            "湿海绵",
            "湿灰尘",
            "湿烟头",
            "湿纸",
            "湿纸巾",
            "湿纸巾包装",
            "湿纸箱",
            "湿面巾纸",
            "溜冰鞋",
            "溜溜球",
            "滑板",
            "滤挂咖啡",
            "滤纸",
            "滤网",
            "滴漏式咖啡",
            "滴露瓶",
            "漂白粉",
            "漫画书",
            "漱口水瓶子",
            "火柴",
            "火腿",
            "火腿肠",
            "火腿肠包装纸",
            "火锅",
            "火锅底料",
            "火锅汤底",
            "火锅渣",
            "火鸡骨头",
            "火龙果",
            "火龙果皮",
            "灭火器",
            "灭蚊灯",
            "灯泡",
            "灯炮",
            "灯管",
            "灰",
            "灰土",
            "灰尘",
            "炒板栗",
            "炒花生壳",
            "炒花生米",
            "炒菜铁锅",
            "炭包",
            "炸鸡",
            "炸鸡包装袋",
            "点心盒",
            "点钞机",
            "炼乳壳",
            "烂桃",
            "烂水果",
            "烂苹果",
            "烂菜叶",
            "烂香蕉",
            "烘培纸",
            "烘山芋皮",
            "烘干机",
            "烘手器",
            "烟丝",
            "烟盒内锡纸",
            "烟缸",
            "烟蒂",
            "烤箱",
            "烤鸭",
            "烧水壶",
            "烧烤木签",
            "烧鸡",
            "烫衣板",
            "热敏纸",
            "热水瓶",
            "热水瓶胆",
            "热饮杯盖",
            "煎鍋",
            "煎饼果子",
            "煤饼",
            "照片",
            "照片纸",
            "煮花生壳",
            "熟菜",
            "熟虾壳",
            "熟鸡蛋",
            "熟鸡蛋壳",
            "燃气灶",
            "燃油罐",
            "燕窝",
            "燕麦",
            "爆竹",
            "爆米花",
            "爽肤水瓶",
            "爽身粉",
            "牙套",
            "牙签",
            "牙签塑料盒",
            "牙线",
            "牙线棒",
            "牙膏壳",
            "牙膏皮",
            "牙膏盒",
            "牙贴",
            "牙齿",
            "牛",
            "牛仔裤",
            "牛仔骨",
            "牛奶塑料瓶",
            "牛奶袋",
            "牛尾",
            "牛尾骨",
            "牛排",
            "牛排包装",
            "牛杂",
            "牛油果皮",
            "牛皮筋",
            "牛皮纸",
            "牛筋",
            "牛肉",
            "牛肉干",
            "牛肉干包装",
            "牛肉粒包装袋",
            "牛肉骨头",
            "牛蛙",
            "牛蛙骨",
            "牛蛙骨头",
            "牛轧糖",
            "牛骨头",
            "牡蛎壳",
            "牡蛎肉",
            "牲畜粪便",
            "狗毛",
            "猪大骨",
            "猪小排",
            "猪扒",
            "猪排",
            "猪皮",
            "猪肉排骨",
            "猪肉铺",
            "猪肋排",
            "猪脑",
            "猪脚",
            "猪蹄",
            "猪蹄骨",
            "猪骨头",
            "猫屎",
            "猫毛",
            "猫沙",
            "猫砂",
            "猫粮",
            "猫粮包装袋",
            "猫罐头",
            "猫饲料",
            "玉米",
            "玉米塑料袋",
            "玉米心",
            "玉米棒",
            "玉米猫砂",
            "玉米皮",
            "玉米粒",
            "玉米纤维袋",
            "玉米须",
            "玉镯",
            "玩具",
            "玩具塑料包装纸盒",
            "玩具塑料盒",
            "玩具盒",
            "玫瑰",
            "环保布质垃圾袋",
            "环保袋",
            "环氧树脂",
            "玻璃",
            "玻璃器皿",
            "玻璃密封容器",
            "玻璃摆件",
            "玻璃杯",
            "玻璃渣",
            "玻璃烟灰缸",
            "玻璃瓶",
            "玻璃碎片",
            "玻璃罐",
            "玻璃胶",
            "玻璃花瓶",
            "玻璃药瓶",
            "玻璃蜡烛杯",
            "玻璃锅盖",
            "珍宝蟹",
            "珍珠",
            "珍珠奶茶杯",
            "珍珠米",
            "球拍",
            "琉璃",
            "琼脂",
            "瑜伽垫",
            "瑞幸咖啡杯",
            "瓜",
            "瓜子仁",
            "瓜子壳",
            "瓜子皮",
            "瓜果",
            "瓦斯桶",
            "瓦楞纸",
            "瓷制品",
            "瓷勺",
            "瓷器碎片",
            "瓷片",
            "瓷碎片",
            "甘蔗",
            "甘蔗渣",
            "甘蔗皮",
            "甜卢蜀",
            "甜品",
            "甜瓜",
            "甜甜圈",
            "甜芦粟",
            "甜芦粟皮",
            "甜芦黍",
            "生姜",
            "生煎包",
            "生物冰袋",
            "生石灰",
            "生肉",
            "生菜",
            "生蚝",
            "生蚝壳",
            "生蚝肉",
            "生鸡蛋壳",
            "用过的纸巾",
            "田螺",
            "甲油",
            "甲鱼",
            "甲鱼壳",
            "电冰箱",
            "电动保温箱",
            "电动刮痧板",
            "电动剃须刀",
            "电动牙刷",
            "电动牙刷刷头",
            "电动玩具",
            "电吹风",
            "电器",
            "电器产品",
            "电子书阅读器",
            "电子产品",
            "电子温度计",
            "电子灭蚊拍",
            "电子烟烟弹",
            "电子琴",
            "电子镇流器",
            "电容",
            "电扇",
            "电暖炉",
            "电水壶",
            "电源器",
            "电源插头",
            "电灯",
            "电烤箱",
            "电热毯",
            "电热水壶",
            "电热水袋",
            "电瓶车防晒垫",
            "电线",
            "电脑屏幕",
            "电脑机箱",
            "电脑设备",
            "电脑配件",
            "电蚊拍",
            "电蚊香片",
            "电表盒",
            "电视",
            "电视机",
            "电话",
            "电话机",
            "电话簿",
            "电费账单",
            "电路主板",
            "电锅",
            "电锯",
            "电阻",
            "电饭煲",
            "画纸",
            "番茄",
            "番茄梗",
            "番茄沙司",
            "番茄皮",
            "番茄酱瓶",
            "番薯",
            "病人换下来的纸尿裤",
            "痰盂罐",
            "登山杖",
            "登机牌",
            "白板擦",
            "白炽灯泡",
            "白煮蛋",
            "白瓜子",
            "白砂糖",
            "白米虾",
            "白茶",
            "白菜",
            "白酒瓶",
            "百叶窗",
            "百洁布",
            "百香果壳",
            "皮具",
            "皮包",
            "皮夹",
            "皮屑",
            "皮带",
            "皮料",
            "皮球",
            "皮皮虾壳",
            "皮筋",
            "皮蛋壳",
            "皮质钱包",
            "皮革",
            "皮革制品",
            "皮靴",
            "皮鞋",
            "盆子",
            "盆栽",
            "盆栽树叶",
            "盆栽植物",
            "盐",
            "盐包装袋",
            "盐水花生",
            "盐水花生壳",
            "盐水鸭",
            "盐酸伐昔洛韦片",
            "盒饭",
            "盛装湿垃圾的垃圾袋",
            "直尺",
            "相册",
            "相机",
            "相框",
            "相片底片",
            "眉笔",
            "眉粉",
            "真皮制品",
            "真空压缩袋",
            "真空袋",
            "眼影",
            "眼线笔",
            "眼膜",
            "眼药水",
            "眼药水瓶",
            "眼贴膜",
            "眼部精华胶囊",
            "眼镜",
            "眼镜布",
            "眼镜框",
            "眼镜盒",
            "眼霜",
            "眼霜罐",
            "睫毛刷",
            "睫毛膏",
            "短裤",
            "石榴",
            "石榴籽",
            "石灰干燥剂",
            "石膏",
            "石锅",
            "矿水瓶",
            "矿泉水桶",
            "矿泉水瓶",
            "矿物猫砂",
            "砂皮",
            "砖块",
            "砖头",
            "砖瓦陶瓷",
            "砧板",
            "破了的碗",
            "破布",
            "破损垃圾袋",
            "破损瓷器",
            "破瓷品",
            "破的碗",
            "破碎盘子",
            "破碗",
            "硅胶手环",
            "硅胶猫砂",
            "硅胶玩具",
            "硅胶铲",
            "硅藻泥",
            "硒鼓",
            "硬式磁碟机",
            "硬盘",
            "硬纸板",
            "硬纸盒",
            "硬质塑料瓶",
            "碎小肥皂",
            "碎布",
            "碎玻璃制品",
            "碎碗",
            "碎纸",
            "碎陶",
            "碗",
            "碗碎片",
            "碘酒棉球",
            "碘酒瓶",
            "碟片",
            "碧根果壳",
            "碱性无汞电池",
            "碱性电池",
            "碳包",
            "碳性电池",
            "碳灰",
            "碳粉盒",
            "磁力片",
            "磁带播放器",
            "磨刀器",
            "磨砂膏",
            "神仙水瓶",
            "票",
            "离心纸",
            "秋衣",
            "秋裤",
            "移动硬盘",
            "稀饭",
            "空气净化器过滤网",
            "空罐头",
            "空药瓶",
            "空调",
            "空调两用风扇",
            "空调扇",
            "空调机",
            "空调滤芯",
            "空调遥控器",
            "空酒瓶",
            "窗帘",
            "窗玻璃",
            "窗纱",
            "章鱼",
            "童鞋",
            "竹坐垫",
            "竹牙签",
            "竹竿",
            "竹笋",
            "竹笛",
            "竹筷",
            "笋壳",
            "笔",
            "笔囊",
            "笔壳",
            "笔套",
            "笔屑",
            "笔杆",
            "笔盒",
            "笔芯",
            "笔袋",
            "笔记本",
            "笔记本电脑",
            "笔记本纸",
            "筒骨",
            "筷子",
            "篮球",
            "簪子",
            "米",
            "米饭",
            "粉丝",
            "粉底",
            "粉底液",
            "粉扑",
            "粘尘纸",
            "粘毛滚纸",
            "粟子壳",
            "粥",
            "粮食",
            "粽子 包扎线",
            "粽子皮",
            "精华液瓶",
            "精华玻璃瓶",
            "糕点",
            "糖",
            "糖包",
            "糖和藕粉",
            "糖果盒",
            "糖果罐",
            "糖浆包",
            "糖葫芦棍",
            "糠",
            "糠饼",
            "糯米",
            "糯米纸",
            "紫菜",
            "紫薯皮",
            "红枣核",
            "红烧肉",
            "红笔",
            "红茶包",
            "红薯",
            "红薯皮",
            "红酒塞",
            "红酒瓶",
            "红领巾",
            "纯牛奶纸盒",
            "纱布",
            "纱窗",
            "纱线手套",
            "纳米海绵",
            "纸",
            "纸咖啡杯",
            "纸尿裤",
            "纸巾",
            "纸巾包装袋",
            "纸巾外包装",
            "纸巾盒",
            "纸巾袋",
            "纸张",
            "纸张鞭炮",
            "纸杯",
            "纸板",
            "纸板箱",
            "纸皮核桃",
            "纸盒",
            "纸胶带",
            "纸药盒",
            "纸质卡片",
            "纸质印刷品",
            "纸质吸管",
            "纸质杯套",
            "纸质说明书",
            "纸饭盒",
            "纺织品",
            "纺织布",
            "纽扣",
            "纽扣(少量)",
            "纽扣电池",
            "线",
            "线团",
            "练习本",
            "织带",
            "织物",
            "绒娃娃",
            "结团猫砂",
            "给药器",
            "绣花针",
            "绳子",
            "维生素瓶",
            "绿箩",
            "绿茶包装盒",
            "绿萝",
            "绿豆沙",
            "编织袋",
            "罐头",
            "罐头瓶",
            "网球",
            "网线",
            "置物架",
            "羊毛",
            "羊皮制品",
            "羊肉串棒",
            "羊肉骨头",
            "羊蝎子",
            "羊蝎子骨头",
            "羊骨",
            "美工刀",
            "美年达饮料瓶",
            "美术袋",
            "美术黏土",
            "美肤仪",
            "羽毛",
            "羽毛球拍",
            "羽绒服",
            "翅尖",
            "翡翠手镯",
            "老干妈瓶子",
            "老干妈辣酱",
            "老花眼镜",
            "老鼠药",
            "考卷",
            "考试卷",
            "耳塞",
            "耳套",
            "耳机",
            "耳环",
            "耳钉",
            "联通卡",
            "聚乙烯饭盒",
            "肉",
            "肉夹馍",
            "肉沫",
            "肉类",
            "肋排",
            "肋骨",
            "肥料",
            "肮脏塑料袋",
            "肯德基炸鸡",
            "肯德基纸袋",
            "肯德基豆浆杯盖(印有可回收标志)",
            "背包",
            "胖大海",
            "胡椒粉",
            "胡渣",
            "胡萝卜",
            "胡萝卜皮",
            "胡须刀",
            "胶卷",
            "胶卷底片",
            "胶合剂",
            "胶囊",
            "胶囊咖啡",
            "胶带",
            "胶带纸",
            "胶棒",
            "胶水",
            "胶片",
            "胶画",
            "胸罩",
            "胸贴",
            "脆枣",
            "脆骨",
            "脉动饮料瓶",
            "脏卫生巾",
            "脏布",
            "脏抹布",
            "脏污衣服",
            "脏牛奶盒",
            "脏玻璃瓶",
            "脏纸尿裤",
            "脚皮",
            "脱排油烟机",
            "脱毛膏",
            "脱氧保鲜剂",
            "脱氧剂",
            "脱水机",
            "脱酸素剂",
            "脸摩仪",
            "脸盆",
            "腋毛",
            "腐肉",
            "腮红",
            "腰带",
            "膏药",
            "膏药布",
            "膨化食品",
            "膨化食品包装",
            "膨化食品包装袋",
            "自动铅",
            "自动铅笔笔芯",
            "自慰器",
            "自暖包",
            "自来水滤芯",
            "自热包",
            "自热火锅加热包",
            "自行车轮胎",
            "臭虫",
            "臭袜子",
            "臭豆腐",
            "臭鸡蛋",
            "艾叶",
            "艾灸条",
            "艾灸渣",
            "艾灸贴",
            "节能灯",
            "节能灯插座",
            "节能灯管",
            "芋圆",
            "芋头",
            "芋艿",
            "芒果",
            "芒果皮",
            "芝士",
            "芝麻",
            "芝麻酱",
            "芡实糕",
            "芦稷",
            "芦苇叶",
            "芦荟",
            "芭比娃娃",
            "芭蕉叶",
            "芯片",
            "花",
            "花卉",
            "花卉绿植",
            "花朵",
            "花椒粉",
            "花泥",
            "花洒",
            "花洒软管",
            "花生壳",
            "花生衣",
            "花甲",
            "花甲壳",
            "花肥",
            "花茶渣",
            "花草茶渣",
            "花蛤",
            "花蛤壳",
            "花蛤肉",
            "花露水瓶",
            "芹菜",
            "苍蝇",
            "苦瓜",
            "英语书",
            "苹果核",
            "苹果肉",
            "茄子",
            "茭白皮",
            "茴香",
            "茶几",
            "茶叶",
            "茶叶包",
            "茶叶渣",
            "茶壶",
            "茶碗",
            "草",
            "草席",
            "草木灰",
            "草本植物",
            "草皮",
            "草莓",
            "草莓叶",
            "荔枝壳",
            "荔枝干壳",
            "荔枝皮",
            "荞麦",
            "荞麦面",
            "荧光灯",
            "荧光笔",
            "荧幕",
            "药包装",
            "药品包装袋",
            "药品纸盒",
            "药壶",
            "药材",
            "药液袋",
            "药片铝塑包装",
            "药瓶",
            "药膏",
            "药膏包装壳",
            "荷兰猪毛",
            "莲雾",
            "菌菇",
            "菜",
            "菜刀",
            "菜叶",
            "菜板",
            "菜根",
            "菜梗",
            "菜椒",
            "菜渣",
            "菜皮",
            "菜饭",
            "菠萝包",
            "菠萝干",
            "菠萝蜜",
            "菱角",
            "萝卜干",
            "萤石",
            "营养土",
            "落发",
            "落花",
            "落花生",
            "葡萄",
            "葡萄干",
            "葡萄柄",
            "葡萄梗",
            "葱",
            "葱蒜",
            "葵花籽",
            "葵花籽壳",
            "蒜",
            "蒸汽眼罩",
            "蓄电池",
            "蓝牙耳机",
            "蓝罐曲奇盒",
            "蔓藤",
            "蔬果",
            "蔬菜",
            "蔬菜包装袋",
            "蔬菜残余",
            "薄型塑料袋",
            "薄荷叶",
            "薯格",
            "薯片",
            "薯片包装袋",
            "薯片盒",
            "薯片袋",
            "藏红花",
            "藕片",
            "藤席",
            "藤蔓",
            "虎牙",
            "虫子",
            "虾",
            "虾壳",
            "虾头",
            "虾皮",
            "虾米",
            "虾肉",
            "蚊子",
            "蚊香",
            "蚊香片",
            "蚌肉",
            "蚕丝",
            "蚕豆壳",
            "蛇皮袋",
            "蛋",
            "蛋壳",
            "蛋挞",
            "蛋挞托",
            "蛋挞皮",
            "蛋白",
            "蛋类",
            "蛋糕盒",
            "蛋糕袋",
            "蛋黄",
            "蛋黄酥",
            "蛋黄酥包装盒",
            "蛏子壳",
            "蛤肉",
            "蜂蜜柚子茶玻璃罐",
            "蜂蜜罐",
            "蜗牛壳",
            "蜜蜡",
            "蜡烛",
            "蜡烛包装",
            "蜡烛塑料模",
            "蜡笔",
            "螃蟹",
            "螃蟹壳",
            "螺丝",
            "螺丝刀",
            "螺丝钉",
            "螺蛳",
            "螺蛳壳",
            "螺蛳粉",
            "蟑螂丸",
            "蟑螂药",
            "蟑螂贴",
            "蟠桃核",
            "蟹壳",
            "蟹汁",
            "血压计",
            "血糖试纸",
            "行李箱",
            "行车记录仪",
            "衣夹",
            "衣服包装袋",
            "衣服半成品",
            "衣服吊牌",
            "衣服干洗剂瓶",
            "衬衫",
            "袋泡茶",
            "袜子",
            "被单",
            "被套",
            "被污染的垃圾袋",
            "被油污污染过的报纸",
            "被芯",
            "装修废弃物",
            "裤子",
            "裤袜",
            "西兰花",
            "西柚",
            "西梅核",
            "西洋参",
            "西瓜",
            "西瓜子",
            "西瓜皮",
            "西药",
            "西葫芦",
            "西餐糕点",
            "计算器",
            "计算机",
            "订书机",
            "记号笔",
            "证书",
            "证件塑料壳",
            "试卷",
            "试纸",
            "话梅",
            "说明书",
            "课本",
            "调制海藻面膜",
            "调味料",
            "调味袋",
            "调料包",
            "调料袋",
            "调色板",
            "谷物",
            "豆制品",
            "豆干",
            "豆杆",
            "豆浆杯盖",
            "豆浆渣",
            "豆浆袋",
            "豆浆袋子",
            "豆渣",
            "豆腐",
            "豆腐乳",
            "豆腐干",
            "豆腐猫砂",
            "豌豆壳",
            "豌豆殼",
            "象棋",
            "象牙",
            "貂毛",
            "账单",
            "购物小票",
            "购物纸袋",
            "贴纸",
            "贺卡",
            "走油肉",
            "起钉器",
            "超市塑料袋",
            "足浴袋",
            "足球",
            "跑步机",
            "跳蛋",
            "跳跳糖包装袋",
            "蹄膀",
            "身体乳",
            "车厘子",
            "车厘子核",
            "车钥匙",
            "轮胎",
            "软塑料隔热垫",
            "软木塞",
            "软糖",
            "软膜撕拉面膜",
            "软骨",
            "输液瓶",
            "辣条",
            "辣条包装袋",
            "辣椒",
            "辣酱",
            "过期化妆品",
            "过期口红",
            "过期大米",
            "过期指甲油",
            "过期的燕麦片",
            "过期的胶囊药物",
            "过期米饭",
            "过期糖",
            "过期药水",
            "过期药片",
            "过期药膏",
            "过期西药",
            "过期调味料",
            "过期防晒霜",
            "过期隐形眼镜",
            "过期饼干",
            "过滤器",
            "过滤盒",
            "过滤袋",
            "运动服",
            "运动鞋",
            "连衣裙",
            "连裤袜",
            "透明塑料药瓶",
            "透明打包盒",
            "透明胶",
            "透明胶带",
            "逗猫棒",
            "速冻水饺",
            "速冻食品保温袋",
            "速冻馄饨",
            "速溶咖啡包装",
            "速溶饮料粉末",
            "遥控器",
            "避孕套",
            "避孕套包装",
            "避孕药",
            "酒瓶",
            "酒瓶塞子",
            "酒精",
            "酒精棉片",
            "酒精棉球",
            "酒精棉花",
            "酒酿",
            "酱料",
            "酱汁",
            "酱油瓶",
            "酱油袋",
            "酱菜瓶",
            "酸奶勺",
            "酸奶杯盖",
            "酸奶玻璃瓶",
            "酸奶瓶",
            "酸奶盒",
            "酸奶盖",
            "酸奶袋",
            "醋包",
            "醋瓶",
            "金丝皇菊",
            "金华火腿",
            "金器",
            "金属元件",
            "金属拉链",
            "金属文件柜",
            "金属晾衣杆",
            "金属盒",
            "金属管",
            "金属罐",
            "金属衣架",
            "金属钥匙扣",
            "金属零件",
            "金戒指",
            "金手链",
            "金枪鱼罐头",
            "金针菇",
            "金霉素眼药膏",
            "金鱼",
            "针",
            "针头",
            "针灸针",
            "针筒",
            "针管",
            "钉子",
            "钓鱼竿",
            "钓鱼线",
            "钙片",
            "钢化玻璃",
            "钢化膜",
            "钢尺",
            "钢琴",
            "钢笔",
            "钢笔里的墨囊",
            "钥匙",
            "钨丝",
            "钨丝灯泡",
            "钮扣",
            "钻戒",
            "钻石",
            "铁",
            "铁制品",
            "铁圈",
            "铁块",
            "铁尺",
            "铁杯",
            "铁棍",
            "铁棍山药",
            "铁皮盖",
            "铁皮罐头",
            "铁盒",
            "铁盒子",
            "铁罐",
            "铁罐子",
            "铁衣架",
            "铁调羹",
            "铁钉",
            "铁锅",
            "铂金纸",
            "铅桶",
            "铅球",
            "铅笔",
            "铅笔屑",
            "铅笔盒",
            "铅笔芯",
            "铅芯",
            "铜丝",
            "铜制品",
            "铜皮",
            "铜线",
            "铝制品",
            "铝合金",
            "铝喷雾瓶",
            "铝塑复合管",
            "铝盖",
            "铝箔",
            "铝膜",
            "银戒指",
            "银杏果",
            "银耳",
            "银行卡",
            "银行账单",
            "锂电池",
            "锅",
            "锅巴",
            "锡箔",
            "锡箔餐盒",
            "锡纸",
            "镍镉电池",
            "镜片",
            "长寿果壳",
            "长尾夹",
            "长生果",
            "门锁",
            "闹钟",
            "闹铃",
            "防撞塑料",
            "防晒霜罐",
            "防滑垫",
            "防潮盒",
            "防碎气泡膜",
            "防腐剂",
            "防蚊手环",
            "防蚊贴",
            "防震膜",
            "防霉防蛀片",
            "阿司匹林",
            "阿尔卑斯糖",
            "阿胶",
            "陈皮",
            "除氧剂",
            "除渍剂",
            "除湿盒",
            "除湿袋",
            "陶器",
            "陶瓷杯",
            "陶瓷烟灰缸",
            "陶瓷类废弃物",
            "陶瓷花瓶",
            "陶瓷花盆",
            "陶罐",
            "隐形眼镜",
            "隐形眼镜片",
            "隐形眼镜盒",
            "隔夜菜",
            "隔夜饭",
            "隔离霜",
            "雅漾喷雾",
            "集成电路板",
            "雨伞",
            "雨伞伞面",
            "雨伞骨架",
            "雨披",
            "雨靴",
            "雨鞋",
            "雪碧瓶",
            "雪碧罐",
            "雪糕包装袋",
            "雪糕棍",
            "雪糕纸",
            "雪糕袋",
            "雪花酥",
            "零食",
            "零食罐",
            "零食袋",
            "電池",
            "青口贝",
            "青椰",
            "青蟹",
            "青蟹壳",
            "青豆",
            "青豆萁",
            "青铜",
            "靠枕",
            "面包屑",
            "面包袋",
            "面条包装袋",
            "面粉",
            "面粉袋",
            "面膜",
            "面膜包装袋",
            "面霜",
            "面霜瓶",
            "鞋",
            "鞋垫",
            "鞋盒",
            "韩国泡菜",
            "韭菜",
            "音响",
            "项链",
            "风扇",
            "风油精",
            "风油精瓶",
            "风筝",
            "飞刀",
            "飞机杯",
            "食品",
            "食品保鲜盒",
            "食品保鲜袋",
            "食品密封袋",
            "食品干燥剂",
            "食品用脱氧剂",
            "食品罐头",
            "食物残渣",
            "食用油",
            "餐厅纸",
            "餐盒",
            "餐纸",
            "餐饮外卖盒",
            "饭",
            "饭汁",
            "饭菜",
            "饮料利乐包装",
            "饮料瓶",
            "饮料瓶标签",
            "饮料瓶盖",
            "饰品",
            "饲料袋",
            "饺子",
            "饼干",
            "饼干包装袋",
            "饼干袋",
            "馄饨皮",
            "馒头",
            "首饰盒",
            "香囊",
            "香槟瓶",
            "香水瓶",
            "香烟头",
            "香烟灰",
            "香烟灰烬",
            "香烟盒",
            "香烟蒂",
            "香瓜子",
            "香皂",
            "香肠",
            "香肠壳",
            "香菇",
            "香蕉皮",
            "香薰玻璃瓶",
            "香薰球",
            "马克笔",
            "马夹袋",
            "马桶刷",
            "马桶盖",
            "马肉",
            "马铃薯片",
            "驱蚊手环",
            "驱蚊瓶",
            "骨头",
            "骨肉相连",
            "高尔夫球杆",
            "高粱",
            "高跟鞋",
            "高附加值可回收物",
            "魔方",
            "魔笔",
            "鱼",
            "鱼刺",
            "鱼头",
            "鱼汤",
            "鱼油胶囊",
            "鱼皮花生",
            "鱼缸",
            "鱼网",
            "鱼肉",
            "鱼肠",
            "鱼骨",
            "鱼鳞",
            "鱿鱼",
            "鲍鱼壳",
            "鲜奶盒",
            "鲜花",
            "鲜花瓣",
            "鲜花饼",
            "鲫鱼",
            "鳜鱼",
            "鸟笼",
            "鸟粪",
            "鸡头",
            "鸡屁股",
            "鸡屎",
            "鸡排",
            "鸡旦壳",
            "鸡毛",
            "鸡毛掸",
            "鸡毛掸子",
            "鸡皮",
            "鸡精",
            "鸡翅",
            "鸡翅膀",
            "鸡翅骨头",
            "鸡肉",
            "鸡肝",
            "鸡胸",
            "鸡腿",
            "鸡蛋",
            "鸡蛋仔",
            "鸡蛋包装盒",
            "鸡蛋卷",
            "鸡蛋皮",
            "鸡蛋饼",
            "鸡软骨",
            "鸡骨",
            "鸡骨头",
            "鸭下巴",
            "鸭头",
            "鸭爪",
            "鸭皮",
            "鸭翅",
            "鸭肉",
            "鸭脖",
            "鸭腿",
            "鸭舌",
            "鸭血",
            "鸭锁骨",
            "鸭骨",
            "鸭骨头",
            "鸽子",
            "鸽毛",
            "鸽粪",
            "鹅",
            "鹅骨头",
            "麦当劳炸鸡",
            "麦当劳纸袋",
            "麦片",
            "麦秆",
            "麻将牌",
            "麻绳",
            "麻袋",
            "麻辣烫",
            "黄桃",
            "黄油",
            "黄油包装纸",
            "黄芪",
            "黄豆",
            "黄鱼",
            "黑板",
            "黑板擦",
            "黑框眼镜",
            "黑椒牛排",
            "黑猪",
            "黑珍猪",
            "鼠标垫",
            "鼻屎",
            "鼻毛",
            "鼻涕纸",
            "龙虾"
          ],
          "relations": {
            "BELONGS_TO": 7878,
            "NO_RELATION": 7878,
            "DISPOSE_WITH": 182
          }
        },
        "val": {
          "sentences": 3416,
          "items": [
            "5号电池(无汞)",
            "A4纸包装袋",
            "CD机",
            "LED 灯(含水银)",
            "LED灯泡",
            "PH试纸",
            "PS4",
            "iPad",
            "led灯",
            "一次塑料杯",
            "一次性叉子",
            "一次性塑料杯",
            "一次性塑料调羹",
            "一次性竹筷子",
            "一次性筷子",
            "一次性透明盒子",
            "丝瓜瓤",
            "中草药",
            "中药",
            "乌龟壳",
            "乐扣乐扣",
            "乳牙",
            "二极管",
            "五子棋",
            "亚克力板",
            "交通卡",
            "优盘",
            "作业本",
            "保温壶",
            "保温杯",
            "保温袋",
            "信用卡",
            "信纸",
            "充电电池",
            "兔毛",
            "全棉时代纸巾",
            "公交卡",
            "其他垃圾桶",
            "其他玻璃制品",
            "养乐多瓶",
            "内衣",
            "冰棍棒",
            "冰棒皮",
            "冰淇淋盒",
            "冰箱贴",
            "凉席",
            "凉皮",
            "凋谢的鲜花",
            "出前一丁面条",
            "剃须泡瓶",
            "动物尸体",
            "动物毛",
            "包裹着猫屎的膨润土猫砂",
            "包裹着猫屎的豆腐猫砂",
            "包裹着痰的纸巾",
            "化妆刷",
            "化妆品外包装纸盒",
            "化妆棉",
            "卡纸",
            "卫生护垫",
            "卫生间用纸",
            "卷烟",
            "卸妆油",
            "卸妆纸巾",
            "厨房垃圾",
            "叉烧酥",
            "双面胶",
            "发箍",
            "取号纸",
            "口服液瓶",
            "口香糖",
            "口香糖塑料盒",
            "叫化鸡",
            "可丽饼",
            "可乐杯",
            "可擦笔",
            "可降解垃圾袋",
            "台灯",
            "各类刀、刀片",
            "吊牌",
            "含汞血压计",
            "吸味剂",
            "吸尘器灰尘",
            "吸油纸",
            "吸湿剂",
            "吸管纸质包装",
            "吸管薄膜",
            "咖啡滤纸",
            "咖啡袋",
            "咖啡豆渣",
            "咳嗽药片",
            "咸蛋壳",
            "喜糖铁盒子",
            "喝完的药瓶",
            "围巾",
            "地板砖",
            "地板蜡",
            "地球仪",
            "坏的花盆",
            "坏钢笔",
            "坚果果壳",
            "塑料外卖盒",
            "塑料杯",
            "塑料杯套",
            "塑料桌布",
            "塑料纸",
            "塑料脸盆",
            "塑料膜",
            "塑料花盆",
            "塑料锅铲",
            "塑料饭盒",
            "塑胶制资料夹",
            "墨囊",
            "墨水瓶",
            "复合包装",
            "多肉",
            "多肉植物",
            "大头钉",
            "大葱",
            "太阳能热水管",
            "头发",
            "奶油",
            "奶盒",
            "婴幼儿纸尿裤",
            "子弹",
            "孩子尿片",
            "安神补脑液瓶",
            "封箱带",
            "小龙虾",
            "小龙虾壳",
            "少年报",
            "尼龙制品",
            "尿垫",
            "山楂",
            "巧克力",
            "巧克力锡纸",
            "布条",
            "布袋",
            "席子",
            "干冰",
            "干电池(无汞)",
            "干辣椒",
            "平常喝的茶叶",
            "平底锅",
            "废农药",
            "废弃灯泡",
            "废抹布",
            "废旧木柴",
            "废植物",
            "废溶剂",
            "废纸",
            "废节能灯",
            "废铜烂铁",
            "座椅垫",
            "开心果",
            "彩笔",
            "快餐盒",
            "扁豆",
            "扇子",
            "手提电脑",
            "扑克",
            "打包袋",
            "打印机墨盒",
            "打火机",
            "扣子",
            "扫地灰尘",
            "投影仪",
            "折扇",
            "护目镜",
            "护肤霜瓶",
            "披萨",
            "抱枕",
            "拍拍净瓶罐",
            "拍立得",
            "挂历",
            "指甲刀",
            "指甲片",
            "掉落的头发",
            "排骨",
            "摩易擦",
            "擦完嘴的纸",
            "数据线",
            "无纺布袋",
            "无菌包装塑料",
            "日抛",
            "旧剪刀",
            "旧布鞋",
            "旧手提包",
            "旧枕头",
            "旧玩具",
            "旧背包",
            "旧被单",
            "旧铁锅",
            "早餐塑料袋",
            "易拉宝",
            "易拉罐",
            "星巴克纸杯",
            "春梅",
            "月季",
            "有害垃圾",
            "有机溶剂",
            "木凳",
            "木勺",
            "木塞",
            "木屑",
            "木梳子",
            "木薯淀粉",
            "木质拼板",
            "未被污染的输液袋",
            "杀虫子罐",
            "杂菜",
            "李子",
            "杏仁核",
            "杯子",
            "板擦儿",
            "枕头",
            "枕套",
            "果冻盒",
            "果皮",
            "果酱",
            "果酱瓶",
            "枯萎的鲜花",
            "柚子皮",
            "柠檬",
            "柳絮",
            "树枝",
            "核桃壳",
            "核桃肉",
            "桔子皮",
            "档案袋",
            "梨",
            "榛子壳",
            "榴莲干",
            "槟榔",
            "樱桃梗",
            "橡皮屑",
            "橡胶制品",
            "残枝",
            "毛皮",
            "毛绒玩具",
            "毛豆皮",
            "气泡膜",
            "氯化钙除湿剂",
            "水产类弃物",
            "水晶板",
            "水果刀",
            "水果塑料盒",
            "水蜜桃",
            "水蜜桃核",
            "汉堡盒",
            "汉堡纸",
            "污染报纸",
            "汽车模型",
            "沙发",
            "油腻的餐巾纸",
            "沾了油污的报纸",
            "沾了菜油的餐巾纸",
            "泡馍",
            "注射器",
            "洁厕灵瓶子",
            "洁面仪",
            "洁面摩丝",
            "洗衣粉",
            "活性炭滤芯",
            "浆糊",
            "海带",
            "涂改笔",
            "涂料",
            "液体蚊香",
            "淀粉",
            "淘宝纸盒",
            "清洁瓶",
            "湿卫生纸",
            "湿纸巾包装袋",
            "溶剂瓶",
            "滤尘袋",
            "滤芯",
            "灌汤包",
            "火车票",
            "火锅蘸酱",
            "灭蚊剂",
            "炉渣",
            "炒面",
            "烂桔",
            "烟灰",
            "烟盒",
            "烤串棒",
            "烧卖",
            "烧烤竹签",
            "烧烤锡纸",
            "烫伤膏",
            "烫发剂壳",
            "热水袋",
            "焊丝",
            "燕尾夹",
            "牙",
            "牙刷",
            "牙刷头",
            "牙线盒",
            "牛奶瓶",
            "牛奶盒",
            "牛油果核",
            "狗尿垫",
            "狗粮",
            "猕猴桃",
            "猪肉",
            "猪肝",
            "猪腿骨",
            "猫屎咖啡",
            "玉米穗",
            "玉米芯",
            "玩偶",
            "玫瑰花",
            "玻璃制容器",
            "玻璃壶",
            "玻璃放大镜",
            "琴弦",
            "瓦片",
            "瓷碗",
            "生煎",
            "用的创可贴",
            "甲鱼小骨",
            "电动卷发棒",
            "电影票",
            "电源线",
            "电灯泡",
            "电缆",
            "电脑",
            "电脑小音响",
            "电蒸锅",
            "电蚊香液瓶",
            "电风扇",
            "画框",
            "画笔",
            "番茄酱包装袋",
            "痔疮膏",
            "白板笔",
            "白糖",
            "皮蛋",
            "盛放厨余果皮的垃圾袋",
            "眼线液",
            "矿泉水瓶子",
            "矿泉水瓶盖",
            "砂锅",
            "砚台",
            "破陶瓷碗",
            "硬贝壳",
            "碎瓷",
            "碎纸屑",
            "碗碟",
            "碧根果肉",
            "碳粉匣",
            "碳纤维",
            "磁卡",
            "磁带",
            "积木",
            "移动电源",
            "空调清洗消毒液瓶",
            "竹制品",
            "竹篮",
            "笔盖",
            "签字笔",
            "米虫",
            "粉尘",
            "粉笔",
            "粉饼盒",
            "粗盐",
            "粽子馅",
            "糖果",
            "红糖",
            "红肠",
            "红豆",
            "纸制糖果礼盒",
            "纸吸管",
            "纸塑铝复合包装",
            "纸牌",
            "纸质商标",
            "纸质文件袋",
            "纸质礼品盒",
            "纸质购物袋",
            "纺织物",
            "绒线衣",
            "结婚证书",
            "结成团的猫砂",
            "绘本",
            "维他奶包装",
            "维生素",
            "绸带",
            "绿化",
            "绿豆",
            "绿豆包装",
            "绿豆糕",
            "缎带",
            "缝纫针",
            "羊毛衫",
            "羊毛被",
            "羽毛球",
            "羽绒被",
            "老鼠",
            "胡子",
            "胶布",
            "胶纸",
            "脏袜子",
            "脚垫",
            "脚趾甲",
            "脚踏板",
            "腰果",
            "芒果干",
            "芝士片",
            "花卉植物",
            "花生",
            "花螺",
            "苍蝇拍",
            "苹果",
            "苹果派",
            "苹果皮",
            "茭白",
            "茭白叶",
            "茶",
            "茶包",
            "茶渣",
            "草稿纸",
            "荔枝核",
            "荧光棒",
            "药丸",
            "药剂",
            "药片包装",
            "荷叶",
            "莲蓬",
            "莴苣",
            "菜花",
            "菠菜",
            "菠萝皮",
            "菠萝蜜核",
            "葡萄皮",
            "葱油饼",
            "薰衣草",
            "藜麦",
            "藤条",
            "蘑菇",
            "蘸酱盒",
            "蚊香灰",
            "蚕豆",
            "蛋卷",
            "蛋挞盒",
            "蛤蜊",
            "蜗牛",
            "蜘蛛",
            "蜡纸",
            "螺帽",
            "螺狮壳",
            "衣服",
            "衣架",
            "衬衣",
            "西兰花梗",
            "西装",
            "话梅壳",
            "话梅肉",
            "话筒",
            "语文书",
            "豆浆机",
            "豆浆杯",
            "豆类",
            "豆腐盒",
            "豌豆皮",
            "贝壳类",
            "购物卡",
            "蹄膀骨头",
            "蹄髈",
            "软桶",
            "软玻璃",
            "过期药品",
            "过期豆腐",
            "过期酸奶",
            "遥控车",
            "遮阳帽",
            "酱油包装袋",
            "酸奶杯",
            "金属",
            "金属瓶盖",
            "金属门吸",
            "金属鱼钩",
            "鋁箔",
            "钓鱼钩",
            "钟表",
            "钨丝灯",
            "钮扣电池",
            "钻笔",
            "铁丝",
            "铁管",
            "铁观音",
            "铁锤",
            "铃铛",
            "铜管",
            "铝",
            "铝箔袋",
            "铝罐",
            "锁",
            "锁头",
            "键盘清洁胶",
            "镇流器",
            "镜子",
            "长靴",
            "防潮剂",
            "防潮袋",
            "除草剂",
            "陶泥",
            "陶瓷",
            "陶瓷盘子",
            "隐形眼镜包装盒",
            "隐形眼镜护理液",
            "雪弗板",
            "雪糕棒",
            "零食包装袋",
            "青椒",
            "青草膏",
            "青菜",
            "靠垫",
            "面巾纸",
            "面纸",
            "面膜外层纸",
            "鞋带",
            "鞭炮",
            "领带",
            "颜料",
            "颜料板",
            "颜料笔",
            "风衣",
            "食品塑料盒",
            "食物托盘",
            "餐巾",
            "饭团",
            "饮料塑料瓶",
            "饮料玻璃瓶",
            "饲料",
            "饺子皮",
            "香烟过滤嘴",
            "香瓜皮",
            "香蕉干",
            "马克杯",
            "马应龙",
            "马铃薯",
            "驱蚊贴",
            "魔力擦",
            "魔芋粉包装袋",
            "鱼内脏",
            "鲍鱼",
            "鸡爪",
            "鸭架",
            "麦丽素",
            "麦子",
            "麻花",
            "麻辣香锅残渣",
            "黄杏核",
            "黄瓜",
            "黄瓜皮",
            "黑胶唱片",
            "鼓棒",
            "鼠标",
            "鼻贴",
            "龙虾壳",
            "龙虾片"
          ],
          "relations": {
            "BELONGS_TO": 1686,
            "NO_RELATION": 1686,
            "DISPOSE_WITH": 44
          }
        },
        "test": {
          "sentences": 3442,
          "items": [
            "CD塑料盒",
            "KFC食物包装",
            "Kindle",
            "PET塑料瓶",
            "cd",
            "pp管",
            "zippo打火机",
            "一次性塑料餐盒",
            "一次性拖鞋",
            "一次性纸餐盘",
            "一般铁罐",
            "万能胶水",
            "不锈钢盆",
            "中药包",
            "乌龙茶",
            "乐利包",
            "乳液瓶",
            "二手衣物",
            "人造玻璃",
            "仓鼠垫沙",
            "休闲鞋",
            "传真机",
            "体重秤",
            "使用过的卫生巾",
            "使用过的餐盒",
            "保健品",
            "保冷剂",
            "保暖杯",
            "修正带",
            "假发",
            "假发套",
            "假牙",
            "假睫毛胶水",
            "充电器",
            "充电装置",
            "八角",
            "公仔",
            "冥币",
            "冬笋壳",
            "冰淇淋包装袋",
            "净水器",
            "利乐包",
            "剩餐",
            "剩饭",
            "勾线笔",
            "包包",
            "包子",
            "包裹着鸡蛋壳的餐巾纸",
            "化妆品玻璃瓶",
            "医用注射器",
            "医用针管",
            "午餐肉",
            "华为P20",
            "华为手机",
            "卫生间纸",
            "印台",
            "即冲奶茶包装盒",
            "压缩饼干",
            "厕所用纸",
            "厨房手套",
            "发胶",
            "受污纸巾",
            "受过污染的纸",
            "口服液",
            "口红",
            "可乐瓶瓶盖",
            "可口可乐瓶",
            "含汞体温计",
            "吸尘器",
            "吸潮剂",
            "吹风机",
            "咖啡杯杯盖",
            "哈密瓜皮",
            "啤酒罐",
            "喜糖",
            "回收物",
            "围裙",
            "固体清香剂",
            "土豆",
            "坏了的玩具",
            "坏马桶",
            "塑封袋",
            "塑料储物箱",
            "塑料刷子",
            "塑料勺",
            "塑料垃圾桶",
            "塑料垃圾袋",
            "塑料晾衣架",
            "塑料梳子",
            "塑料模型",
            "塑料沙漏",
            "塑料泡沫",
            "塑料盒",
            "塑料盖子",
            "塑料碗",
            "塑料药瓶",
            "塑料药盒",
            "塑料薄膜",
            "塑料购物袋",
            "塑料酸奶盒",
            "墙纸",
            "墨汁瓶",
            "墨镜",
            "复印件版纸",
            "外卖餐盒",
            "大排",
            "大提琴",
            "大龙虾头",
            "夫妻肺片",
            "奶茶中的珍珠",
            "奶茶塑料盖",
            "奶酪",
            "婴儿尿不湿",
            "宠物饲料",
            "密码锁",
            "密胺餐具",
            "富贵竹",
            "寿司",
            "尺子",
            "山楂干",
            "帐篷",
            "带子壳",
            "带有婴儿粪便的尿不湿",
            "带胶制品",
            "干净塑料",
            "干发巾",
            "干枯玫瑰花",
            "干枯花",
            "平板电脑",
            "广告用纸",
            "广告纸",
            "广告颜料",
            "床单",
            "底片",
            "废书",
            "废台式机",
            "废弃塑料文具",
            "废旧报纸",
            "废水银血压计",
            "废瓷砖",
            "废电视",
            "废镍镉电池",
            "强化玻璃",
            "彩妆",
            "快递包装袋",
            "扇贝肉",
            "手指甲",
            "手撕猪肉",
            "手机壳",
            "打印间碎纸",
            "报刊",
            "披萨饼盒",
            "抽完的烟蒂",
            "担担面",
            "拉杆箱",
            "拉链",
            "搅拌勺",
            "搅拌器",
            "搅拌棒",
            "搪瓷碗",
            "摄像头",
            "擀面杖",
            "擦过鼻涕的纸巾",
            "收银条",
            "数学书",
            "敷料",
            "方便面盒",
            "旅行箱",
            "无人机",
            "无纺布包",
            "旧书",
            "旧包皮革",
            "旧帽子",
            "旧报",
            "旧毛衣",
            "旧跑鞋",
            "旧锁",
            "早餐谷物",
            "星巴克塑料杯",
            "星巴克杯托",
            "显示屏",
            "晒鼓墨盒",
            "月饼盒",
            "木耳",
            "木质菜板",
            "木质锅铲",
            "木雕",
            "未被污染的输液瓶",
            "机票",
            "机箱",
            "杀虫剂",
            "杂志",
            "杏仁壳",
            "条码纸",
            "枇杷核",
            "果冻杯",
            "枯枝",
            "枯萎的花",
            "染发膏",
            "标签纸",
            "标签色带",
            "桂圆壳",
            "桃子皮",
            "梭子蟹",
            "梭子蟹壳",
            "梳子",
            "棉被",
            "棒冰棍",
            "棒棒糖",
            "棒棒糖棒子",
            "棕子皮",
            "椰奶罐",
            "椰果",
            "榔头",
            "榴莲壳",
            "榴莲核",
            "榴莲肉",
            "榴莲酥",
            "樱桃干",
            "橡皮擦",
            "橡皮泥",
            "橡胶",
            "止痛膏",
            "残枝落叶",
            "毒鼠强",
            "毛发",
            "氧化汞电池",
            "水垢",
            "水培植物",
            "水彩笔",
            "水彩颜料",
            "水性笔",
            "水果",
            "污损塑料袋",
            "污损纸张",
            "汤骨",
            "沐浴露瓶",
            "没用过的纸杯",
            "油性笔",
            "油渍的报纸",
            "油烟机油脂",
            "泡沫保温箱",
            "泡沫塑料",
            "泡沫填充",
            "泡沫板",
            "泡面",
            "泡面袋",
            "泳镜",
            "洋钉",
            "洗发水",
            "洗澡掉的头发",
            "活性炭",
            "浴帽",
            "海瓜子壳",
            "海绵蛋",
            "消毒棉",
            "消毒液瓶",
            "润滑剂",
            "淡菜",
            "混合猫砂",
            "游戏手柄",
            "湿厕纸包装袋",
            "湿头发",
            "滤清器",
            "漂白剂罐",
            "漆桶",
            "演唱会票",
            "漫画",
            "漱口水瓶",
            "火机",
            "灭蚊片",
            "烂蔬菜",
            "烟屁股",
            "烤鸡",
            "烧烤棒",
            "烧饼",
            "煎饼",
            "煤气罐",
            "煤渣",
            "煤灰",
            "照相机",
            "燕麦片",
            "牙膏",
            "牛肋骨",
            "牛角",
            "牛鞭",
            "牛骨",
            "牛骨棒",
            "猕猴桃皮",
            "猪",
            "猪爪骨头",
            "猫冻干",
            "玉",
            "玉米衣",
            "玻璃尺",
            "玻璃电子秤",
            "珊瑚",
            "球鞋",
            "瓜子",
            "瓷器",
            "生日蜡烛",
            "用过的避孕套",
            "田螺壳",
            "电子血压仪",
            "电容器",
            "电炖锅",
            "电熨斗",
            "电瓶",
            "电磁炉",
            "电脑包",
            "电视机顶盒",
            "电话卡",
            "电路板",
            "电钻",
            "番茄酱",
            "痘痘贴",
            "瘪掉的篮球",
            "白炽灯",
            "白煮蛋壳",
            "白纸",
            "的确良",
            "皮草制品",
            "盘尼西林",
            "眼镜架",
            "矿物油瓶",
            "破陶瓷杯",
            "硅胶",
            "硬板纸",
            "碎玻璃片",
            "碎骨",
            "碎骨头",
            "碧然德过滤芯",
            "磁铁",
            "稻草",
            "空气清新剂罐",
            "章鱼小丸子",
            "竹炭包",
            "笋干",
            "笋皮",
            "笔记本电脑电池",
            "粉碎后的打印纸",
            "粉饼",
            "粘土",
            "粘纸",
            "粘鼠板",
            "粽叶",
            "粽子包裹绳",
            "糕饼",
            "糖果皮",
            "糖纸",
            "素菜",
            "紫砂壶",
            "紫砂碎片",
            "紫砂茶具",
            "红枣",
            "红豆糕",
            "红辣椒",
            "纸团",
            "纸张类",
            "纸箱",
            "纸袋",
            "纸袋子",
            "纸质包装袋",
            "纸质外卖盒",
            "线路板",
            "绷带",
            "绿植",
            "绿豆芽",
            "网卡",
            "羊大骨",
            "美妆蛋",
            "美容仪",
            "美瞳",
            "耳屎",
            "肉类包装盒",
            "肉蛋加工食品",
            "肉骨头",
            "肥皂",
            "胡须",
            "胭脂",
            "胶水桶",
            "脏卸妆棉",
            "脏纸巾",
            "脚指甲",
            "脚盆",
            "腊肉",
            "腐乳瓶",
            "腿骨",
            "膨润土猫砂",
            "自慰棒",
            "自拍杆",
            "自行车",
            "艾草",
            "节能灯(含水银)",
            "芋艿皮",
            "芒果核",
            "芦稷皮",
            "花椒",
            "花瓣",
            "花生酱",
            "花甲粉",
            "花盆",
            "花篮",
            "芹菜叶",
            "茨菇",
            "茶叶罐",
            "茶叶蛋壳",
            "茶袋",
            "草稿本",
            "草纸",
            "草药",
            "药品",
            "药水玻璃瓶",
            "荷包蛋",
            "莲藕",
            "菜梗菜叶",
            "菠萝",
            "菠萝派",
            "菠萝蜜肉",
            "萝卜",
            "营养琼脂",
            "落叶",
            "葡萄籽",
            "葡萄酒木塞",
            "葵花子壳",
            "蒜头",
            "蒜皮",
            "蒲公英",
            "蓝莓干",
            "蔗糖",
            "蔬菜茎叶",
            "薯条",
            "薯片罐",
            "蘸酱",
            "虫",
            "虾仁壳",
            "蚊帐",
            "蚌壳",
            "蛋挞壳",
            "蛋糕",
            "蛤蜊壳",
            "蛤蟆",
            "蜂蜜",
            "蜜饯",
            "螺狮",
            "螺蛳肉",
            "螺钉",
            "蟑螂",
            "蟹",
            "蟹肉",
            "衣服标签",
            "被子",
            "装蔬菜的塑料袋",
            "装过湿垃圾的塑料袋",
            "西瓜籽",
            "西红柿",
            "西药瓶",
            "订书机钉",
            "订书针",
            "订书钉",
            "豆芽",
            "象鼻蚌",
            "贝壳",
            "贝壳的肉",
            "超能胶",
            "足贴",
            "路由器",
            "车票",
            "软盘",
            "轻质彩泥",
            "达克宁药膏",
            "达克宁药膏皮",
            "过朝食品",
            "过期保健品",
            "过期巧克力",
            "过期感冒药",
            "过期护肤品",
            "过期胶囊",
            "过期药",
            "过期食品",
            "过滤网",
            "退烧贴",
            "退热贴",
            "速冻饺子",
            "酒精瓶",
            "酸奶吸管",
            "酸豆角",
            "醋袋",
            "里脊肉",
            "金子",
            "金属拖把杆",
            "金属汤匙",
            "金属香炉",
            "金项链",
            "钟",
            "钢丝",
            "钢丝球",
            "铁架",
            "铁钩",
            "铅酸电池",
            "铜牌",
            "铝盆",
            "铝箔纸",
            "铝管",
            "铝锅",
            "锅盖",
            "锤子",
            "键盘",
            "长毛绒",
            "防晒喷雾",
            "防晒衣",
            "防晒霜",
            "除湿剂",
            "除湿机",
            "陶土花瓶",
            "陶瓷制品",
            "陶瓷碗碟",
            "雨刮器",
            "雨衣",
            "雷达瓶子",
            "震动棒",
            "面",
            "面包",
            "面条",
            "面饼",
            "音箱",
            "食品添加剂",
            "食物残渣及宠物饲料",
            "食用油桶",
            "食用油玻璃瓶",
            "饭盒",
            "饼干盒",
            "饼干铁盒",
            "香榧子壳",
            "香烟",
            "香烟壳",
            "香肠竹签",
            "香蕉",
            "驱蚊香片",
            "验孕棒",
            "高压锅",
            "高密度碎纸机处理的碎纸",
            "高裤腰带",
            "高铁酸钾",
            "鱼竿",
            "鱼虾",
            "鱼饲料",
            "鱼骨头",
            "鱼鳞鱼肠",
            "鱿鱼丝",
            "鸡",
            "鸡脚爪",
            "鸡蛋壳",
            "鸡蛋盒",
            "鸭",
            "鸭屁股",
            "鸭掌",
            "鸭脖子",
            "鸭蛋壳",
            "麦当劳咖啡杯杯盖(印有可回收标志)",
            "麦当劳纸盒",
            "麻将台",
            "麻布",
            "黄金",
            "黑豆",
            "默写本",
            "齿轮"
          ],
          "relations": {
            "BELONGS_TO": 1701,
            "NO_RELATION": 1701,
            "DISPOSE_WITH": 40
          }
        }
      }
    },
    "split_sha256": {
      "train": "c070e73f7253f280b6241d1e9977440b9ff01024ef55e7d9867f6bf3f65377e9",
      "val": "5dc2233e4c2b7d404f86d6dfcfe872d489a6aca407c16345f0c682f80a35a013",
      "test": "d4df12b420287af08d6fdec0181a4b3d9e7c18e906d4f6865d95866d0e143dec"
    },
    "relation_class_weights": {
      "NO_RELATION": 0.9401057362556458,
      "BELONGS_TO": 0.9401057362556458,
      "DISPOSE_WITH": 6.1851325035095215
    }
  }
}
